[debug] [2026-05-26T17:53:56.056Z] ----------------------------------------------------------------------
[debug] [2026-05-26T17:53:56.059Z] Command:       /usr/local/bin/node /usr/local/bin/firebase init
[debug] [2026-05-26T17:53:56.059Z] CLI Version:   15.18.0
[debug] [2026-05-26T17:53:56.059Z] Platform:      darwin
[debug] [2026-05-26T17:53:56.059Z] Node Version:  v22.17.1
[debug] [2026-05-26T17:53:56.060Z] Time:          Tue May 26 2026 23:23:56 GMT+0530 (India Standard Time)
[debug] [2026-05-26T17:53:56.060Z] ----------------------------------------------------------------------
[debug] 
[info] 
     ######## #### ########  ######## ########     ###     ######  ########
     ##        ##  ##     ## ##       ##     ##  ##   ##  ##       ##
     ######    ##  ########  ######   ########  #########  ######  ######
     ##        ##  ##    ##  ##       ##     ## ##     ##       ## ##
     ##       #### ##     ## ######## ########  ##     ##  ######  ########

You're about to initialize a Firebase project in this directory:

  /Users/darshilnama/Desktop/ghost_ai

[info] 
=== Project Setup
[info] 
[info] First, let's associate this project directory with a Firebase project.
[info] You can create multiple project aliases by running firebase use --add, 
[info] 
[debug] [2026-05-26T17:53:58.743Z] > command requires scopes: ["email","openid","https://www.googleapis.com/auth/cloudplatformprojects.readonly","https://www.googleapis.com/auth/firebase","https://www.googleapis.com/auth/cloud-platform"]
[debug] [2026-05-26T17:53:58.743Z] > authorizing via signed-in user (darshilnama989@gmail.com)
[debug] [2026-05-26T17:53:58.745Z] Checked if tokens are valid: true, expires at: 1779821082527
[debug] [2026-05-26T17:53:58.745Z] Checked if tokens are valid: true, expires at: 1779821082527
[debug] [2026-05-26T17:53:58.746Z] >>> [apiv2][query] GET https://firebase.googleapis.com/v1beta1/projects/ghost-ai-5ca6c [none]
[debug] [2026-05-26T17:53:59.560Z] <<< [apiv2][status] GET https://firebase.googleapis.com/v1beta1/projects/ghost-ai-5ca6c 403
[debug] [2026-05-26T17:53:59.560Z] <<< [apiv2][body] GET https://firebase.googleapis.com/v1beta1/projects/ghost-ai-5ca6c {"error":{"code":403,"message":"The caller does not have permission","status":"PERMISSION_DENIED"}}
[debug] [2026-05-26T17:53:59.561Z] Request to https://firebase.googleapis.com/v1beta1/projects/ghost-ai-5ca6c had HTTP Error: 403, The caller does not have permission
[debug] [2026-05-26T17:53:59.562Z] FirebaseError: Request to https://firebase.googleapis.com/v1beta1/projects/ghost-ai-5ca6c had HTTP Error: 403, The caller does not have permission
    at responseToError (/usr/local/lib/node_modules/firebase-tools/lib/responseToError.js:53:12)
    at RetryOperation._fn (/usr/local/lib/node_modules/firebase-tools/lib/apiv2.js:333:77)
    at process.processTicksAndRejections (node:internal/process/task_queues:105:5)
[error] 
[error] Error: Failed to get Firebase project ghost-ai-5ca6c. Please make sure the project exists and your account has permission to access it.
